[travel.leadsteck.site/index.html]
[backblue.gif]
[fade.gif]
[index.html]
[travel.leadsteck.site/assets/images/logo.png]
[travel.leadsteck.site/assets/css/styles.css]
[cdnjs.cloudflare.com/ajax/libs/font-awesome/7.0.0/css/all.min.css]
[cdnjs.cloudflare.com/ajax/libs/gsap/3.12.5/gsap.min.js]
[cdnjs.cloudflare.com/ajax/libs/gsap/3.12.5/ScrollTrigger.min.js]
[travel.leadsteck.site/assets/videos/hero-banner.mp4]
[travel.leadsteck.site/travel-package.html]
[travel.leadsteck.site/assets/images/domestic-packages.png]
[travel.leadsteck.site/assets/images/goa-fun-fiesta.jpg]
[travel.leadsteck.site/assets/images/Delhi-Agra-Mathura-Tour-Itinerary.jpg]
[travel.leadsteck.site/assets/images/rangelo-rajasthang.jpg]
[travel.leadsteck.site/assets/images/international-packages.png]
[travel.leadsteck.site/assets/images/bali.png]
[travel.leadsteck.site/assets/images/dubai.png]
[travel.leadsteck.site/assets/images/vietnam.png]
[travel.leadsteck.site/contact.html]
[travel.leadsteck.site/assets/videos/clients.mp4]
[travel.leadsteck.site/assets/images/currency.png]
[travel.leadsteck.site/assets/images/travel.png]
[travel.leadsteck.site/assets/images/vip.png]
[travel.leadsteck.site/assets/images/visa.png]
[travel.leadsteck.site/assets/videos/testimonial.mp4]
[travel.leadsteck.site/assets/images/fastkeys.png]
[travel.leadsteck.site/assets/images/il-fs.jpg]
[travel.leadsteck.site/assets/images/c1-india.png]
[travel.leadsteck.site/assets/images/elisra.jpg]
[travel.leadsteck.site/assets/images/cinevesture.png]
[travel.leadsteck.site/assets/images/koreanembassy.png]
[travel.leadsteck.site/assets/images/pathways.jpeg.jpg]
[travel.leadsteck.site/assets/images/slashproduction.png]
[travel.leadsteck.site/assets/images/nfdc.png]
[travel.leadsteck.site/assets/images/sa-infrastructure.jpg]
[travel.leadsteck.site/assets/images/tulsiani.png]
[travel.leadsteck.site/assets/images/sm-air.jpeg.jpg]
[travel.leadsteck.site/assets/images/polyplastic.png]
[travel.leadsteck.site/assets/js/main.js]
[travel.leadsteck.site/index.html]
[travel.leadsteck.site/assets/css/tailwindcss]
[travel.leadsteck.site/assets/css/styles.css]
[cdnjs.cloudflare.com/ajax/libs/font-awesome/7.0.0/css/all.min.css]
[travel.leadsteck.site/assets/videos/TravelPackages.mp4]
[travel.leadsteck.site/travel-package.html]
[travel.leadsteck.site/assets/videos/ContactUs.mp4]
[travel.leadsteck.site/contact.html]
[travel.leadsteck.site/assets/components/header.html]
[travel.leadsteck.site/assets/js/main.js]
[travel.leadsteck.site/assets/css/tailwindcss.html]
[travel.leadsteck.site/assets/components/footer.html]
[travel.leadsteck.site/assets/components/index.html]
[travel.leadsteck.site/assets/components/assets/images/logo.png]
[travel.leadsteck.site/about.html]
[travel.leadsteck.site/index-2.html]
[travel.leadsteck.site/blog.html]
[travel.leadsteck.site/service.html]
[travel.leadsteck.site/assets/components/header.html]
[travel.leadsteck.site/assets/components/footer.html]
[travel.leadsteck.site/assets/components/index.html]
[travel.leadsteck.site/assets/components/assets/images/logo.html]
[travel.leadsteck.site/index-2.html]
[travel.leadsteck.site/vipconcierge.html]
[travel.leadsteck.site/assets/videos/about_1.mp4]
[travel.leadsteck.site/assets/videos/AboutUs1.mp4]
[travel.leadsteck.site/assets/videos/about_3.mp4]
[travel.leadsteck.site/about.html]
[cdnjs.cloudflare.com/ajax/libs/font-awesome/6.4.0/css/all.min.css]
[travel.leadsteck.site/assets/videos/Services.mp4]
[travel.leadsteck.site/assets/images/blog1.jpg]
[travel.leadsteck.site/blog-detail2340.html]
[travel.leadsteck.site/assets/images/blog2.jpg]
[travel.leadsteck.site/blog-detaile252.html]
[travel.leadsteck.site/assets/images/blog3.jpg]
[travel.leadsteck.site/blog-detailfd55.html]
[travel.leadsteck.site/blog.html]
[unpkg.com/alpinejs@3.15.8/dist/cdn.min.js]
[travel.leadsteck.site/assets/videos/blogvideo.mp4]
[travel.leadsteck.site/assets/videos/CurrencyChangeAssistance.mp4]
[travel.leadsteck.site/assets/videos/Planning.mp4]
[travel.leadsteck.site/assets/videos/Royal.mp4]
[travel.leadsteck.site/assets/videos/VisaServices.mp4]
[travel.leadsteck.site/service.html]
[travel.leadsteck.site/assets/videos/our-services.mp4]
[travel.leadsteck.site/vipconcierge.html]
[cdnjs.cloudflare.com/ajax/libs/font-awesome/6.4.0/css/all.min.css]
[travel.leadsteck.site/blog-detail2340.html]
[travel.leadsteck.site/blog-detaile252.html]
[travel.leadsteck.site/blog-detailfd55.html]
